 orion-self

 Timestamp is 6a55fb52 (Tue Jul 14 11:03:14 2026)

 Preferred load address is 0000000140000000

 Start         Length     Name                   Class
 0001:00000000 0003b7acH .text                   CODE
 0001:0003b7b0 00021b6fH .text$mn                CODE
 0001:0005d320 000001ebH .text$mn$00             CODE
 0001:0005d510 00000b38H .text$mn$21             CODE
 0001:0005e048 00000582H .text$x                 CODE
 0002:00000000 0000edb0H .rdata                  DATA
 0002:0000edb0 0000015cH .rdata$00               DATA
 0002:0000ef10 0000016cH .rdata$r                DATA
 0002:000124a0 00000038H .00cfg                  DATA
 0002:000124d8 00000008H .CRT$XCA                DATA
 0002:000124e0 00000008H .CRT$XCAA               DATA
 0002:000124e8 00000008H .CRT$XCU                DATA
 0002:000124f0 00000008H .CRT$XCZ                DATA
 0002:000124f8 00000008H .CRT$XIA                DATA
 0002:00012500 00000008H .CRT$XIAA               DATA
 0002:00012508 00000008H .CRT$XIAC               DATA
 0002:00012510 00000028H .CRT$XIC                DATA
 0002:00012538 00000008H .CRT$XIZ                DATA
 0002:00012540 00000008H .CRT$XPA                DATA
 0002:00012548 00000018H .CRT$XPX                DATA
 0002:00012560 00000008H .CRT$XPXA               DATA
 0002:00012568 00000008H .CRT$XPZ                DATA
 0002:00012570 00000008H .CRT$XTA                DATA
 0002:00012578 00000008H .CRT$XTZ                DATA
 0002:00013a40 00000008H .rtc$IAA                DATA
 0002:00013a48 00000008H .rtc$IZZ                DATA
 0002:00013a50 00000008H .rtc$TAA                DATA
 0002:00013a58 00000008H .rtc$TZZ                DATA
 0002:00013a60 00005364H .xdata                  DATA
 0002:00018dc8 00000084H .xdata$x                DATA
 0003:00000000 00000cc1H .data                   DATA
 0003:00000cc8 0000004cH .data$r                 DATA
 0003:00000d18 00000020H .data$rs                DATA
 0003:00000d38 0018eb6cH .bss                    DATA
 0004:00000000 000045fcH .pdata                  DATA
 0005:00000000 000020d0H .gxfg$y                 DATA
 0006:00000000 000001f4H _RDATA                  DATA

  Address         Publics by Value              Rva+Base               Lib:Object

 0000:00000000       __AbsoluteZero             0000000000000000     <absolute>
 0000:00000000       __guard_fids_table         0000000000000000     <absolute>
 0000:00000000       __guard_fids_count         0000000000000000     <absolute>
 0000:00000000       __guard_iat_table          0000000000000000     <absolute>
 0000:00000000       __guard_iat_count          0000000000000000     <absolute>
 0000:00000000       __guard_longjmp_table      0000000000000000     <absolute>
 0000:00000000       __guard_longjmp_count      0000000000000000     <absolute>
 0000:00000000       __enclave_config           0000000000000000     <absolute>
 0000:00000000       __guard_eh_cont_table      0000000000000000     <absolute>
 0000:00000000       __guard_eh_cont_count      0000000000000000     <absolute>
 0000:00000000       __volatile_metadata        0000000000000000     <absolute>
 0000:00000002       @vol.md                    0000000000000002     <absolute>
 0000:00000002       @vol.md                    0000000000000002     <absolute>
 0000:00000002       @vol.md                    0000000000000002     <absolute>
 0000:00000002       @vol.md                    0000000000000002     <absolute>
 0000:00000002       @vol.md                    0000000000000002     <absolute>
 0000:00000002       @vol.md                    0000000000000002     <absolute>
 0000:00000002       @vol.md                    0000000000000002     <absolute>
 0000:00000002       @vol.md                    0000000000000002     <absolute>
 0000:00000002       @vol.md                    0000000000000002     <absolute>
 0000:00000002       @vol.md                    0000000000000002     <absolute>
 0000:00000002       @vol.md                    0000000000000002     <absolute>
 0000:00000002       @vol.md                    0000000000000002     <absolute>
 0000:00000002       @vol.md                    0000000000000002     <absolute>
 0000:00000002       @vol.md                    0000000000000002     <absolute>
 0000:00000002       @vol.md                    0000000000000002     <absolute>
 0000:00000002       @vol.md                    0000000000000002     <absolute>
 0000:00000002       @vol.md                    0000000000000002     <absolute>
 0000:00000002       @vol.md                    0000000000000002     <absolute>
 0000:00000002       @vol.md                    0000000000000002     <absolute>
 0000:00000002       @vol.md                    0000000000000002     <absolute>
 0000:00000002       @vol.md                    0000000000000002     <absolute>
 0000:00000002       @vol.md                    0000000000000002     <absolute>
 0000:00000002       @vol.md                    0000000000000002     <absolute>
 0000:00000002       @vol.md                    0000000000000002     <absolute>
 0000:00000002       @vol.md                    0000000000000002     <absolute>
 0000:00000002       @vol.md                    0000000000000002     <absolute>
 0000:00000002       @vol.md                    0000000000000002     <absolute>
 0000:00000002       @vol.md                    0000000000000002     <absolute>
 0000:00000002       @vol.md                    0000000000000002     <absolute>
 0000:00000002       @vol.md                    0000000000000002     <absolute>
 0000:00000002       @vol.md                    0000000000000002     <absolute>
 0000:00000002       @vol.md                    0000000000000002     <absolute>
 0000:00000002       @vol.md                    0000000000000002     <absolute>
 0000:00000002       @vol.md                    0000000000000002     <absolute>
 0000:00000002       @vol.md                    0000000000000002     <absolute>
 0000:00000002       @vol.md                    0000000000000002     <absolute>
 0000:00000002       @vol.md                    0000000000000002     <absolute>
 0000:00000002       @vol.md                    0000000000000002     <absolute>
 0000:00000002       @vol.md                    0000000000000002     <absolute>
 0000:00000002       @vol.md                    0000000000000002     <absolute>
 0000:00000002       @vol.md                    0000000000000002     <absolute>
 0000:00000002       @vol.md                    0000000000000002     <absolute>
 0000:00000002       @vol.md                    0000000000000002     <absolute>
 0000:00000002       @vol.md                    0000000000000002     <absolute>
 0000:00000002       @vol.md                    0000000000000002     <absolute>
 0000:00000002       @vol.md                    0000000000000002     <absolute>
 0000:00000002       @vol.md                    0000000000000002     <absolute>
 0000:00000002       @vol.md                    0000000000000002     <absolute>
 0000:00000002       @vol.md                    0000000000000002     <absolute>
 0000:00000002       @vol.md                    0000000000000002     <absolute>
 0000:00000002       @vol.md                    0000000000000002     <absolute>
 0000:00000002       @vol.md                    0000000000000002     <absolute>
 0000:00000002       @vol.md                    0000000000000002     <absolute>
 0000:00000002       @vol.md                    0000000000000002     <absolute>
 0000:00000002       @vol.md                    0000000000000002     <absolute>
 0000:00000002       @vol.md                    0000000000000002     <absolute>
 0000:00000002       @vol.md                    0000000000000002     <absolute>
 0000:00000002       @vol.md                    0000000000000002     <absolute>
 0000:00000002       @vol.md                    0000000000000002     <absolute>
 0000:00000002       @vol.md                    0000000000000002     <absolute>
 0000:00000002       @vol.md                    0000000000000002     <absolute>
 0000:00000002       @vol.md                    0000000000000002     <absolute>
 0000:00000002       @vol.md                    0000000000000002     <absolute>
 0000:00000002       @vol.md                    0000000000000002     <absolute>
 0000:00000002       @vol.md                    0000000000000002     <absolute>
 0000:00000002       @vol.md                    0000000000000002     <absolute>
 0000:00000002       @vol.md                    0000000000000002     <absolute>
 0000:00000002       @vol.md                    0000000000000002     <absolute>
 0000:00000002       @vol.md                    0000000000000002     <absolute>
 0000:00000002       @vol.md                    0000000000000002     <absolute>
 0000:00000002       @vol.md                    0000000000000002     <absolute>
 0000:00000002       @vol.md                    0000000000000002     <absolute>
 0000:00000002       @vol.md                    0000000000000002     <absolute>
 0000:00000002       @vol.md                    0000000000000002     <absolute>
 0000:00000002       @vol.md                    0000000000000002     <absolute>
 0000:00000002       @vol.md                    0000000000000002     <absolute>
 0000:00000002       @vol.md                    0000000000000002     <absolute>
 0000:00000002       @vol.md                    0000000000000002     <absolute>
 0000:00000002       @vol.md                    0000000000000002     <absolute>
 0000:00000002       @vol.md                    0000000000000002     <absolute>
 0000:00000002       @vol.md                    0000000000000002     <absolute>
 0000:00000002       @vol.md                    0000000000000002     <absolute>
 0000:00000002       @vol.md                    0000000000000002     <absolute>
 0000:00000002       @vol.md                    0000000000000002     <absolute>
 0000:00000002       @vol.md                    0000000000000002     <absolute>
 0000:00000002       @vol.md                    0000000000000002     <absolute>
 0000:00000002       @vol.md                    0000000000000002     <absolute>
 0000:00000002       @vol.md                    0000000000000002     <absolute>
 0000:00000002       @vol.md                    0000000000000002     <absolute>
 0000:00000002       @vol.md                    0000000000000002     <absolute>
 0000:00000002       @vol.md                    0000000000000002     <absolute>
 0000:00000002       @vol.md                    0000000000000002     <absolute>
 0000:00000002       @vol.md                    0000000000000002     <absolute>
 0000:00000002       @vol.md                    0000000000000002     <absolute>
 0000:00000002       @vol.md                    0000000000000002     <absolute>
 0000:00000002       @vol.md                    0000000000000002     <absolute>
 0000:00000002       @vol.md                    0000000000000002     <absolute>
 0000:00000002       @vol.md                    0000000000000002     <absolute>
 0000:00000002       @vol.md                    0000000000000002     <absolute>
 0000:00000002       @vol.md                    0000000000000002     <absolute>
 0000:00000002       @vol.md                    0000000000000002     <absolute>
 0000:00000002       @vol.md                    0000000000000002     <absolute>
 0000:00000002       @vol.md                    0000000000000002     <absolute>
 0000:00000002       @vol.md                    0000000000000002     <absolute>
 0000:00000002       @vol.md                    0000000000000002     <absolute>
 0000:00000002       @vol.md                    0000000000000002     <absolute>
 0000:00000002       @vol.md                    0000000000000002     <absolute>
 0000:00000002       @vol.md                    0000000000000002     <absolute>
 0000:00000002       @vol.md                    0000000000000002     <absolute>
 0000:00000002       @vol.md                    0000000000000002     <absolute>
 0000:00000002       @vol.md                    0000000000000002     <absolute>
 0000:00000002       @vol.md                    0000000000000002     <absolute>
 0000:00000002       @vol.md                    0000000000000002     <absolute>
 0000:00000002       @vol.md                    0000000000000002     <absolute>
 0000:00000002       @vol.md                    0000000000000002     <absolute>
 0000:00000002       @vol.md                    0000000000000002     <absolute>
 0000:00000002       @vol.md                    0000000000000002     <absolute>
 0000:00000002       @vol.md                    0000000000000002     <absolute>
 0000:00000002       @vol.md                    0000000000000002     <absolute>
 0000:00000002       @vol.md                    0000000000000002     <absolute>
 0000:00000002       @vol.md                    0000000000000002     <absolute>
 0000:00000002       @vol.md                    0000000000000002     <absolute>
 0000:00000002       @vol.md                    0000000000000002     <absolute>
 0000:00000002       @vol.md                    0000000000000002     <absolute>
 0000:00000002       @vol.md                    0000000000000002     <absolute>
 0000:00000002       @vol.md                    0000000000000002     <absolute>
 0000:00000002       @vol.md                    0000000000000002     <absolute>
 0000:00000002       @vol.md                    0000000000000002     <absolute>
 0000:00000002       @vol.md                    0000000000000002     <absolute>
 0000:00000002       @vol.md                    0000000000000002     <absolute>
 0000:00000002       @vol.md                    0000000000000002     <absolute>
 0000:00000002       @vol.md                    0000000000000002     <absolute>
 0000:00000002       @vol.md                    0000000000000002     <absolute>
 0000:00000002       @vol.md                    0000000000000002     <absolute>
 0000:00000002       @vol.md                    0000000000000002     <absolute>
 0000:00000002       @vol.md                    0000000000000002     <absolute>
 0000:00000002       @vol.md                    0000000000000002     <absolute>
 0000:00000002       @vol.md                    0000000000000002     <absolute>
 0000:00000002       @vol.md                    0000000000000002     <absolute>
 0000:00000002       @vol.md                    0000000000000002     <absolute>
 0000:00000002       @vol.md                    0000000000000002     <absolute>
 0000:00000002       @vol.md                    0000000000000002     <absolute>
 0000:00000002       @vol.md                    0000000000000002     <absolute>
 0000:00000002       @vol.md                    0000000000000002     <absolute>
 0000:00000002       @vol.md                    0000000000000002     <absolute>
 0000:00000002       @vol.md                    0000000000000002     <absolute>
 0000:00000002       @vol.md                    0000000000000002     <absolute>
 0000:00000002       @vol.md                    0000000000000002     <absolute>
 0000:00000002       @vol.md                    0000000000000002     <absolute>
 0000:00000002       @vol.md                    0000000000000002     <absolute>
 0000:00000002       @vol.md                    0000000000000002     <absolute>
 0000:00000002       @vol.md                    0000000000000002     <absolute>
 0000:00000002       @vol.md                    0000000000000002     <absolute>
 0000:00000002       @vol.md                    0000000000000002     <absolute>
 0000:00000002       @vol.md                    0000000000000002     <absolute>
 0000:00000002       @vol.md                    0000000000000002     <absolute>
 0000:00000002       @vol.md                    0000000000000002     <absolute>
 0000:00000002       @vol.md                    0000000000000002     <absolute>
 0000:00000002       @vol.md                    0000000000000002     <absolute>
 0000:00000002       @vol.md                    0000000000000002     <absolute>
 0000:00000002       @vol.md                    0000000000000002     <absolute>
 0000:00000002       @vol.md                    0000000000000002     <absolute>
 0000:00000002       @vol.md                    0000000000000002     <absolute>
 0000:00000002       @vol.md                    0000000000000002     <absolute>
 0000:00000002       @vol.md                    0000000000000002     <absolute>
 0000:00000002       @vol.md                    0000000000000002     <absolute>
 0000:00000002       @vol.md                    0000000000000002     <absolute>
 0000:00000002       @vol.md                    0000000000000002     <absolute>
 0000:00000002       @vol.md                    0000000000000002     <absolute>
 0000:00000002       @vol.md                    0000000000000002     <absolute>
 0000:00000002       @vol.md                    0000000000000002     <absolute>
 0000:00000002       @vol.md                    0000000000000002     <absolute>
 0000:00000002       @vol.md                    0000000000000002     <absolute>
 0000:00000002       @vol.md                    0000000000000002     <absolute>
 0000:00000002       @vol.md                    0000000000000002     <absolute>
 0000:00000002       @vol.md                    0000000000000002     <absolute>
 0000:00000002       @vol.md                    0000000000000002     <absolute>
 0000:00000002       @vol.md                    0000000000000002     <absolute>
 0000:00000003       @vol.md                    0000000000000003     <absolute>
 0000:00000003       @vol.md                    0000000000000003     <absolute>
 0000:00000003       @vol.md                    0000000000000003     <absolute>
 0000:00000003       @vol.md                    0000000000000003     <absolute>
 0000:00000003       @vol.md                    0000000000000003     <absolute>
 0000:00000003       @vol.md                    0000000000000003     <absolute>
 0000:00000003       @vol.md                    0000000000000003     <absolute>
 0000:00000003       @vol.md                    0000000000000003     <absolute>
 0000:00000003       @vol.md                    0000000000000003     <absolute>
 0000:00000003       @vol.md                    0000000000000003     <absolute>
 0000:00000003       @vol.md                    0000000000000003     <absolute>
 0000:00000003       @vol.md                    0000000000000003     <absolute>
 0000:00000003       @vol.md                    0000000000000003     <absolute>
 0000:00000003       @vol.md                    0000000000000003     <absolute>
 0000:00000003       @vol.md                    0000000000000003     <absolute>
 0000:00000003       @vol.md                    0000000000000003     <absolute>
 0000:00000003       @vol.md                    0000000000000003     <absolute>
 0000:00000003       @vol.md                    0000000000000003     <absolute>
 0000:00000003       @vol.md                    0000000000000003     <absolute>
 0000:00000003       @vol.md                    0000000000000003     <absolute>
 0000:00000003       @vol.md                    0000000000000003     <absolute>
 0000:00000003       @vol.md                    0000000000000003     <absolute>
 0000:00000003       @vol.md                    0000000000000003     <absolute>
 0000:00000003       @vol.md                    0000000000000003     <absolute>
 0000:00000003       @vol.md                    0000000000000003     <absolute>
 0000:00000003       @vol.md                    0000000000000003     <absolute>
 0000:00000003       @vol.md                    0000000000000003     <absolute>
 0000:00000003       @vol.md                    0000000000000003     <absolute>
 0000:00000003       @vol.md                    0000000000000003     <absolute>
 0000:00000003       @vol.md                    0000000000000003     <absolute>
 0000:00000003       @vol.md                    0000000000000003     <absolute>
 0000:00000003       @vol.md                    0000000000000003     <absolute>
 0000:00000003       @vol.md                    0000000000000003     <absolute>
 0000:00000003       @vol.md                    0000000000000003     <absolute>
 0000:00000003       @vol.md                    0000000000000003     <absolute>
 0000:00000003       @vol.md                    0000000000000003     <absolute>
 0000:00000003       @vol.md                    0000000000000003     <absolute>
 0000:00000003       @vol.md                    0000000000000003     <absolute>
 0000:00000003       @vol.md                    0000000000000003     <absolute>
 0000:00000003       @vol.md                    0000000000000003     <absolute>
 0000:00000003       @vol.md                    0000000000000003     <absolute>
 0000:00000003       @vol.md                    0000000000000003     <absolute>
 0000:00000003       @vol.md                    0000000000000003     <absolute>
 0000:00000003       @vol.md                    0000000000000003     <absolute>
 0000:00000003       @vol.md                    0000000000000003     <absolute>
 0000:00000003       @vol.md                    0000000000000003     <absolute>
 0000:00000003       @vol.md                    0000000000000003     <absolute>
 0000:00000003       @vol.md                    0000000000000003     <absolute>
 0000:00000003       @vol.md                    0000000000000003     <absolute>
 0000:00000003       @vol.md                    0000000000000003     <absolute>
 0000:00000003       @vol.md                    0000000000000003     <absolute>
 0000:00000003       @vol.md                    0000000000000003     <absolute>
 0000:00000003       @vol.md                    0000000000000003     <absolute>
 0000:00000003       @vol.md                    0000000000000003     <absolute>
 0000:00000003       @vol.md                    0000000000000003     <absolute>
 0000:00000003       @vol.md                    0000000000000003     <absolute>
 0000:00000003       @vol.md                    0000000000000003     <absolute>
 0000:00000003       @vol.md                    0000000000000003     <absolute>
 0000:00000003       @vol.md                    0000000000000003     <absolute>
 0000:00000100       __guard_flags              0000000000000100     <absolute>
 0000:00000000       __ImageBase                0000000140000000     <linker-defined>
 0001:00000000       orion_err_bump             0000000140001000     orion-self-51627d.o
 0001:00000020       orion_err_get              0000000140001020     orion-self-51627d.o
 0001:00000030       orion_text_join            0000000140001030     orion-self-51627d.o
 0001:000000e0       orion_tlen                 00000001400010e0     orion-self-51627d.o
 0001:000000f0       orion_text_eq              00000001400010f0     orion-self-51627d.o
 0001:00000180       orion_text_concat          0000000140001180     orion-self-51627d.o
 0001:000001c0       orion_int_to_text          00000001400011c0     orion-self-51627d.o
 0001:00000200       orion_text_slice           0000000140001200     orion-self-51627d.o
 0001:00000260       orion_text_contains        0000000140001260     orion-self-51627d.o
 0001:00000280       orion_bytes_from_text      0000000140001280     orion-self-51627d.o
 0001:00000330       orion_bytes_to_text        0000000140001330     orion-self-51627d.o
 0001:00000390       orion_bytes_zeros          0000000140001390     orion-self-51627d.o
 0001:00000460       orion_bytes_slice          0000000140001460     orion-self-51627d.o
 0001:000004e0       orion_bytes_concat         00000001400014e0     orion-self-51627d.o
 0001:00000580       orion_persist_text         0000000140001580     orion-self-51627d.o
 0001:000005d0       orion_map_new_persist      00000001400015d0     orion-self-51627d.o
 0001:00000610       orion_map_set_persist      0000000140001610     orion-self-51627d.o
 0001:00000700       orion_slot_get             0000000140001700     orion-self-51627d.o
 0001:00000780       orion_slot_set             0000000140001780     orion-self-51627d.o
 0001:000007f0       orion_slot_has             00000001400017f0     orion-self-51627d.o
 0001:00000810       orion_slot_get_int         0000000140001810     orion-self-51627d.o
 0001:00000830       orion_file_read            0000000140001830     orion-self-51627d.o
 0001:000008c0       orion_file_write           00000001400018c0     orion-self-51627d.o
 0001:00000910       orion_list_new             0000000140001910     orion-self-51627d.o
 0001:00000940       orion_struct_field_int     0000000140001940     orion-self-51627d.o
 0001:00000950       orion_struct_field_text    0000000140001950     orion-self-51627d.o
 0001:00000960       orion_list_len             0000000140001960     orion-self-51627d.o
 0001:00000970       orion_list_at              0000000140001970     orion-self-51627d.o
 0001:000009a0       orion_idiv                 00000001400019a0     orion-self-51627d.o
 0001:000009f0       orion_imod                 00000001400019f0     orion-self-51627d.o
 0001:00000a40       orion_require              0000000140001a40     orion-self-51627d.o
 0001:00000a70       orion_ensure               0000000140001a70     orion-self-51627d.o
 0001:00000aa0       orion_list_slice           0000000140001aa0     orion-self-51627d.o
 0001:00000b30       orion_list_set             0000000140001b30     orion-self-51627d.o
 0001:00000b50       orion_list_push            0000000140001b50     orion-self-51627d.o
 0001:00000bd0       orion_list_push_mut        0000000140001bd0     orion-self-51627d.o
 0001:00000c60       orion_map_new              0000000140001c60     orion-self-51627d.o
 0001:00000cb0       orion_map_set              0000000140001cb0     orion-self-51627d.o
 0001:00000d70       orion_map_get              0000000140001d70     orion-self-51627d.o
 0001:00000dc0       orion_map_has              0000000140001dc0     orion-self-51627d.o
 0001:00000e20       orion_map_set_ik           0000000140001e20     orion-self-51627d.o
 0001:00000ee0       orion_map_remove           0000000140001ee0     orion-self-51627d.o
 0001:00000f50       orion_map_remove_ik        0000000140001f50     orion-self-51627d.o
 0001:00000fa0       orion_map_get_ik           0000000140001fa0     orion-self-51627d.o
 0001:00000fe0       orion_map_has_ik           0000000140001fe0     orion-self-51627d.o
 0001:00001010       orion_map_get_or_ik        0000000140002010     orion-self-51627d.o
 0001:00001070       orion_map_len              0000000140002070     orion-self-51627d.o
 0001:00001080       orion_map_keys             0000000140002080     orion-self-51627d.o
 0001:00001130       orion_map_values           0000000140002130     orion-self-51627d.o
 0001:000011e0       orion_map_get_or           00000001400021e0     orion-self-51627d.o
 0001:00001220       orion_f64_to_text          0000000140002220     orion-self-51627d.o
 0001:00001270       orion_vec_add              0000000140002270     orion-self-51627d.o
 0001:00001300       orion_vec_sub              0000000140002300     orion-self-51627d.o
 0001:00001390       orion_vec_mul              0000000140002390     orion-self-51627d.o
 0001:00001420       orion_vec_dot              0000000140002420     orion-self-51627d.o
 0001:00001490       read_asset                 0000000140002490     orion-self-51627d.o
 0001:000014e0       load_project               00000001400024e0     orion-self-51627d.o
 0001:00001600       is_toml_path               0000000140002600     orion-self-51627d.o
 0001:00001650       project_world              0000000140002650     orion-self-51627d.o
 0001:00001660       project_app                0000000140002660     orion-self-51627d.o
 0001:00001680       project_setup              0000000140002680     orion-self-51627d.o
 0001:00001840       renderer_pref              0000000140002840     orion-self-51627d.o
 0001:000018b0       load_scripts_from_config   00000001400028b0     orion-self-51627d.o
 0001:000019b0       concat_script_files        00000001400029b0     orion-self-51627d.o
 0001:00001a20       script_dir                 0000000140002a20     orion-self-51627d.o
 0001:00001ab0       embedded_dir_exists        0000000140002ab0     orion-self-51627d.o
 0001:00001ad0       script_roots               0000000140002ad0     orion-self-51627d.o
 0001:00001b30       embedded_subdirs           0000000140002b30     orion-self-51627d.o
 0001:00001c20       text_has_slash             0000000140002c20     orion-self-51627d.o
 0001:00001c80       texts_include              0000000140002c80     orion-self-51627d.o
 0001:00001ce0       first_segment              0000000140002ce0     orion-self-51627d.o
 0001:00001d50       package_dirs               0000000140002d50     orion-self-51627d.o
 0001:00001da0       split_spaces               0000000140002da0     orion-self-51627d.o
 0001:00001e60       stem_path                  0000000140002e60     orion-self-51627d.o
 0001:00002000       load_scripts_auto          0000000140003000     orion-self-51627d.o
 0001:00002100       load_one_bundle            0000000140003100     orion-self-51627d.o
 0001:00002320       text_at                    0000000140003320     orion-self-51627d.o
 0001:00002330       lint_bundle                0000000140003330     orion-self-51627d.o
 0001:00002490       lint_transient_unconsumed  0000000140003490     orion-self-51627d.o
 0001:00002520       lint_writes_persisted      0000000140003520     orion-self-51627d.o
 0001:00002590       join_lines                 0000000140003590     orion-self-51627d.o
 0001:000025f0       project_bundles            00000001400035f0     orion-self-51627d.o
 0001:00002650       script_stems               0000000140003650     orion-self-51627d.o
 0001:000026e0       dir_stems                  00000001400036e0     orion-self-51627d.o
 0001:000027f0       embedded_names             00000001400037f0     orion-self-51627d.o
 0001:00002900       bundle_source              0000000140003900     orion-self-51627d.o
 0001:00002930       concat_ordered             0000000140003930     orion-self-51627d.o
 0001:000029d0       strip_uses                 00000001400039d0     orion-self-51627d.o
 0001:000029f0       keep_non_use               00000001400039f0     orion-self-51627d.o
 0001:00002a80       resolve_deps               0000000140003a80     orion-self-51627d.o
 0001:00002b80       contains_text              0000000140003b80     orion-self-51627d.o
 0001:00002bf0       split_lines                0000000140003bf0     orion-self-51627d.o
 0001:00002d60       ends_with                  0000000140003d60     orion-self-51627d.o
 0001:00002db0       starts_with                0000000140003db0     orion-self-51627d.o
 0001:00002e00       after_every                0000000140003e00     orion-self-51627d.o
 0001:00002e40       int_has                    0000000140003e40     orion-self-51627d.o
 0001:00002ea0       join_ints                  0000000140003ea0     orion-self-51627d.o
 0001:00002f20       bundle_every_list          0000000140003f20     orion-self-51627d.o
 0001:00003080       rebuild_every              0000000140004080     orion-self-51627d.o
 0001:00003270       strip_suffix               0000000140004270     orion-self-51627d.o
 0001:000032b0       strip_prefix               00000001400042b0     orion-self-51627d.o
 0001:000032f0       scan_uses                  00000001400042f0     orion-self-51627d.o
 0001:00003380       use_name_of                0000000140004380     orion-self-51627d.o
 0001:00003410       read_script_cached         0000000140004410     orion-self-51627d.o
 0001:00003460       read_script_fresh          0000000140004460     orion-self-51627d.o
 0001:00003500       refresh_script_changed     0000000140004500     orion-self-51627d.o
 0001:00003580       reload_scripts             0000000140004580     orion-self-51627d.o
 0001:000035d0       reload_from_config         00000001400045d0     orion-self-51627d.o
 0001:00003680       reload_one_config          0000000140004680     orion-self-51627d.o
 0001:00003700       reload_auto                0000000140004700     orion-self-51627d.o
 0001:000038c0       reload_one_bundle          00000001400048c0     orion-self-51627d.o
 0001:00003950       swap_bundle                0000000140004950     orion-self-51627d.o
 0001:00003b00       concat_fresh               0000000140004b00     orion-self-51627d.o
 0001:00003b70       project_dev_tick           0000000140004b70     orion-self-51627d.o
 0001:000041b0       project_fps_now            00000001400051b0     orion-self-51627d.o
 0001:00004200       sty                        0000000140005200     orion-self-51627d.o
 0001:000042b0       con_dim                    00000001400052b0     orion-self-51627d.o
 0001:000042c0       con_bold                   00000001400052c0     orion-self-51627d.o
 0001:000042d0       con_cyan                   00000001400052d0     orion-self-51627d.o
 0001:000042e0       con_green                  00000001400052e0     orion-self-51627d.o
 0001:000042f0       con_yellow                 00000001400052f0     orion-self-51627d.o
 0001:00004300       con_red                    0000000140005300     orion-self-51627d.o
 0001:00004310       con_mb                     0000000140005310     orion-self-51627d.o
 0001:000043a0       project_mem_mark           00000001400053a0     orion-self-51627d.o
 0001:000043d0       project_mem_report         00000001400053d0     orion-self-51627d.o
 0001:000049b0       project_drain_spawns       00000001400059b0     orion-self-51627d.o
 0001:00004a60       decl_name                  0000000140005a60     orion-self-51627d.o
 0001:00004a70       drain_decl_spawns          0000000140005a70     orion-self-51627d.o
 0001:00004b50       comp_decl_at               0000000140005b50     orion-self-51627d.o
 0001:00004b60       payload_at                 0000000140005b60     orion-self-51627d.o
 0001:00004b70       spawn_effect               0000000140005b70     orion-self-51627d.o
 0001:00004cc0       decl_param_at              0000000140005cc0     orion-self-51627d.o
 0001:00004cd0       payload_text               0000000140005cd0     orion-self-51627d.o
 0001:00004d30       project_drain_sets         0000000140005d30     orion-self-51627d.o
 0001:00004e00       apply_set                  0000000140005e00     orion-self-51627d.o
 0001:00004f30       auto_ctx_names             0000000140005f30     orion-self-51627d.o
 0001:00005070       auto_ctx_names_build       0000000140006070     orion-self-51627d.o
 0001:000051b0       auto_ctx_values            00000001400061b0     orion-self-51627d.o
 0001:00005310       value_at                   0000000140006310     orion-self-51627d.o
 0001:00005320       project_event              0000000140006320     orion-self-51627d.o
 0001:00005370       project_event_ctx          0000000140006370     orion-self-51627d.o
 0001:000053e0       project_query_ctx          00000001400063e0     orion-self-51627d.o
 0001:00005450       project_query_ecs          0000000140006450     orion-self-51627d.o
 0001:00005540       project_event_ecs          0000000140006540     orion-self-51627d.o
 0001:000055f0       event_ecs_pre              00000001400065f0     orion-self-51627d.o
 0001:00005710       event_gate_body            0000000140006710     orion-self-51627d.o
 0001:00005780       project_tick               0000000140006780     orion-self-51627d.o
 0001:00005870       project_init_lifecycle     0000000140006870     orion-self-51627d.o
 0001:00005910       project_run                0000000140006910     orion-self-51627d.o
 0001:00006f20       save_path                  0000000140007f20     orion-self-51627d.o
 0001:00006f80       save_stem                  0000000140007f80     orion-self-51627d.o
 0001:00007030       save_res_kind              0000000140008030     orion-self-51627d.o
 0001:000070d0       res_short_name             00000001400080d0     orion-self-51627d.o
 0001:00007130       starts_prefix              0000000140008130     orion-self-51627d.o
 0001:00007180       all_component_decls        0000000140008180     orion-self-51627d.o
 0001:00007270       decl_named                 0000000140008270     orion-self-51627d.o
 0001:000072f0       project_save               00000001400082f0     orion-self-51627d.o
 0001:00007330       ensure_parent_dir          0000000140008330     orion-self-51627d.o
 0001:000073b0       project_save_text          00000001400083b0     orion-self-51627d.o
 0001:000073c0       project_save_body          00000001400083c0     orion-self-51627d.o
 0001:00007690       tree_join                  0000000140008690     orion-self-51627d.o
 0001:00007700       eid_at                     0000000140008700     orion-self-51627d.o
 0001:00007710       save_esc                   0000000140008710     orion-self-51627d.o
 0001:000077e0       save_unesc                 00000001400087e0     orion-self-51627d.o
 0001:000078a0       ent_line                   00000001400088a0     orion-self-51627d.o
 0001:000078d0       ent_body                   00000001400088d0     orion-self-51627d.o
 0001:000079f0       apply_save_lines           00000001400089f0     orion-self-51627d.o
 0001:00007a40       apply_save_lines_inner     0000000140008a40     orion-self-51627d.o
 0001:00007c20       name_in                    0000000140008c20     orion-self-51627d.o
 0001:00007c90       line_tail                  0000000140008c90     orion-self-51627d.o
 0001:00007d10       split_bar                  0000000140008d10     orion-self-51627d.o
 0001:00007dd0       eq_split                   0000000140008dd0     orion-self-51627d.o
 0001:00007e70       apply_ent_line             0000000140008e70     orion-self-51627d.o
 0001:00007ea0       apply_spawn_body           0000000140008ea0     orion-self-51627d.o
 0001:00008080       field_is_text              0000000140009080     orion-self-51627d.o
 0001:00008110       project_load               0000000140009110     orion-self-51627d.o
 0001:00008290       project_autosave           0000000140009290     orion-self-51627d.o
 0001:000082c0       project_recover            00000001400092c0     orion-self-51627d.o
 0001:000083a0       restore_saved_world        00000001400093a0     orion-self-51627d.o
 0001:000084c0       sup_trip                   00000001400094c0     orion-self-51627d.o
 0001:00008600       project_rewind             0000000140009600     orion-self-51627d.o
 0001:000086e0       save_tick                  00000001400096e0     orion-self-51627d.o
 0001:00008780       project_compact            0000000140009780     orion-self-51627d.o
 0001:000087c0       project_compact_inner      00000001400097c0     orion-self-51627d.o
 0001:00008920       project_compact_poll       0000000140009920     orion-self-51627d.o
 0001:00008a70       project_facts              0000000140009a70     orion-self-51627d.o
 0001:00008d20       facts_mention              0000000140009d20     orion-self-51627d.o
 0001:00008d80       lists_overlap              0000000140009d80     orion-self-51627d.o
 0001:00008de0       facts_conflict             0000000140009de0     orion-self-51627d.o
 0001:00008e30       sched_batch_of             0000000140009e30     orion-self-51627d.o
 0001:00008f20       sched_hazards              0000000140009f20     orion-self-51627d.o
 0001:00008fe0       batch_count                0000000140009fe0     orion-self-51627d.o
 0001:00009040       project_rule_facts         000000014000a040     orion-self-51627d.o
 0001:000091d0       collect_reads              000000014000a1d0     orion-self-51627d.o
 0001:00009290       collect_writes             000000014000a290     orion-self-51627d.o
 0001:00009350       host_convention            000000014000a350     orion-self-51627d.o
 0001:00009390       liveness_dead_writes       000000014000a390     orion-self-51627d.o
 0001:00009430       liveness_unwritten         000000014000a430     orion-self-51627d.o
 0001:000094d0       rule_produces              000000014000a4d0     orion-self-51627d.o
 0001:00009520       is_input_trigger           000000014000a520     orion-self-51627d.o
 0001:000095f0       why_indent                 000000014000a5f0     orion-self-51627d.o
 0001:00009630       why_chain                  000000014000a630     orion-self-51627d.o
 0001:00009650       why_walk                   000000014000a650     orion-self-51627d.o
 0001:00009970       rule_consumes              000000014000a970     orion-self-51627d.o
 0001:000099b0       affects_chain              000000014000a9b0     orion-self-51627d.o
 0001:00009ba0       union_lists                000000014000aba0     orion-self-51627d.o
 0001:00009c60       project_affects            000000014000ac60     orion-self-51627d.o
 0001:00009d30       project_why                000000014000ad30     orion-self-51627d.o
 0001:00009e10       project_liveness           000000014000ae10     orion-self-51627d.o
 0001:00009f80       project_doc                000000014000af80     orion-self-51627d.o
 0001:0000a150       print_doc_line             000000014000b150     orion-self-51627d.o
 0001:0000a1b0       project_schedule           000000014000b1b0     orion-self-51627d.o
 0001:0000a350       name_in_list               000000014000b350     orion-self-51627d.o
 0001:0000a3b0       join_names                 000000014000b3b0     orion-self-51627d.o
 0001:0000a440       project_fork               000000014000b440     orion-self-51627d.o
 0001:0000a4e0       project_state_sig          000000014000b4e0     orion-self-51627d.o
 0001:0000a500       project_state_sig_canonical 000000014000b500     orion-self-51627d.o
 0001:0000a5d0       belief_wrong               000000014000b5d0     orion-self-51627d.o
 0001:0000a6d0       belief_apply               000000014000b6d0     orion-self-51627d.o
 0001:0000a7a0       belief_imagine             000000014000b7a0     orion-self-51627d.o
 0001:0000a7d0       goals_met                  000000014000b7d0     orion-self-51627d.o
 0001:0000a890       constraints_violated       000000014000b890     orion-self-51627d.o
 0001:0000a950       project_state_sig_bare     000000014000b950     orion-self-51627d.o
 0001:0000a970       save_text_bare             000000014000b970     orion-self-51627d.o
 0001:0000aae0       sig_first_divergence       000000014000bae0     orion-self-51627d.o
 0001:0000ab60       int_at                     000000014000bb60     orion-self-51627d.o
 0001:0000ab70       bisect_replay              000000014000bb70     orion-self-51627d.o
 0001:0000adb0       bisect_inject              000000014000bdb0     orion-self-51627d.o
 0001:0000b0a0       project_bisect             000000014000c0a0     orion-self-51627d.o
 0001:0000b310       bisect_diff_resources      000000014000c310     orion-self-51627d.o
 0001:0000b450       bisect_writers             000000014000c450     orion-self-51627d.o
 0001:0000b520       sig_traj_write             000000014000c520     orion-self-51627d.o
 0001:0000b5c0       sig_traj_read              000000014000c5c0     orion-self-51627d.o
 0001:0000b660       project_save_full          000000014000c660     orion-self-51627d.o
 0001:0000b670       project_foresee            000000014000c670     orion-self-51627d.o
 0001:0000b730       project_try                000000014000c730     orion-self-51627d.o
 0001:0000ba40       soak_rand                  000000014000ca40     orion-self-51627d.o
 0001:0000ba60       soak_pick                  000000014000ca60     orion-self-51627d.o
 0001:0000bab0       soak_click_button          000000014000cab0     orion-self-51627d.o
 0001:0000be70       soak_act_name              000000014000ce70     orion-self-51627d.o
 0001:0000be90       project_soak               000000014000ce90     orion-self-51627d.o
 0001:0000c980       project_restore_persist    000000014000d980     orion-self-51627d.o
 0001:0000ca20       record_start               000000014000da20     orion-self-51627d.o
 0001:0000cab0       record_stop                000000014000dab0     orion-self-51627d.o
 0001:0000cb50       rec_lines                  000000014000db50     orion-self-51627d.o
 0001:0000cb90       record_poll                000000014000db90     orion-self-51627d.o
 0001:0000cc90       frame_at                   000000014000dc90     orion-self-51627d.o
 0001:0000cca0       rec_frame                  000000014000dca0     orion-self-51627d.o
 0001:0000cd40       effect_at                  000000014000dd40     orion-self-51627d.o
 0001:0000cd50       rec_line                   000000014000dd50     orion-self-51627d.o
 0001:0000ce00       slot_int_or0               000000014000de00     orion-self-51627d.o
 0001:0000ce50       rec_effect                 000000014000de50     orion-self-51627d.o
 0001:0000cf00       rec_input                  000000014000df00     orion-self-51627d.o
 0001:0000cf80       rec_pointer                000000014000df80     orion-self-51627d.o
 0001:0000d0b0       rec_key                    000000014000e0b0     orion-self-51627d.o
 0001:0000d110       rec_despawn                000000014000e110     orion-self-51627d.o
 0001:0000d140       rec_res                    000000014000e140     orion-self-51627d.o
 0001:0000d1a0       rec_rest                   000000014000e1a0     orion-self-51627d.o
 0001:0000d220       text_has_newline           000000014000e220     orion-self-51627d.o
 0001:0000d280       rec_rel                    000000014000e280     orion-self-51627d.o
 0001:0000d320       rec_spawn                  000000014000e320     orion-self-51627d.o
 0001:0000d3e0       project_replay             000000014000e3e0     orion-self-51627d.o
 0001:0000d6b0       replay_effect              000000014000e6b0     orion-self-51627d.o
 0001:0000d9c0       project_replay_live        000000014000e9c0     orion-self-51627d.o
 0001:0000dc30       replay_live_step           000000014000ec30     orion-self-51627d.o
 0001:0000dcd0       project_replay_ab          000000014000ecd0     orion-self-51627d.o
 0001:0000df50       replay_ab_step             000000014000ef50     orion-self-51627d.o
 0001:0000dff0       replay_inject              000000014000eff0     orion-self-51627d.o
 0001:0000e270       replay_profile_point       000000014000f270     orion-self-51627d.o
 0001:0000e400       poll_console               000000014000f400     orion-self-51627d.o
 0001:0000e440       run_console_line           000000014000f440     orion-self-51627d.o
 0001:0000e4b0       console_builtin            000000014000f4b0     orion-self-51627d.o
 0001:0000ebc0       console_rewind             000000014000fbc0     orion-self-51627d.o
 0001:0000ec80       console_log_cmd            000000014000fc80     orion-self-51627d.o
 0001:0000ed40       console_dispatch           000000014000fd40     orion-self-51627d.o
 0001:0000ee70       console_capitalize         000000014000fe70     orion-self-51627d.o
 0001:0000ef20       console_is_int             000000014000ff20     orion-self-51627d.o
 0001:0000efb0       console_int                000000014000ffb0     orion-self-51627d.o
 0001:0000f050       project_event_all          0000000140010050     orion-self-51627d.o
 0001:0000f120       fire_boot                  0000000140010120     orion-self-51627d.o
 0001:0000f230       drain_all                  0000000140010230     orion-self-51627d.o
 0001:0000f2c0       route_clicks               00000001400102c0     orion-self-51627d.o
 0001:0000f480       route_releases             0000000140010480     orion-self-51627d.o
 0001:0000f650       project_sims               0000000140010650     orion-self-51627d.o
 0001:0000f660       run_sims                   0000000140010660     orion-self-51627d.o
 0001:0000f7f0       tick_prebuilt              00000001400107f0     orion-self-51627d.o
 0001:0000f8e0       tick_gate_body             00000001400108e0     orion-self-51627d.o
 0001:0000f9b0       event_prebuilt             00000001400109b0     orion-self-51627d.o
 0001:0000faa0       tick_event_body            0000000140010aa0     orion-self-51627d.o
 0001:0000fb30       slot_int_one               0000000140010b30     orion-self-51627d.o
 0001:0000fb80       run_restart                0000000140010b80     orion-self-51627d.o
 0001:0000fc20       run_rewind                 0000000140010c20     orion-self-51627d.o
 0001:0000fda0       route_keys                 0000000140010da0     orion-self-51627d.o
 0001:0000fe90       route_dev_keys             0000000140010e90     orion-self-51627d.o
 0001:0000ff40       run_dev_lines              0000000140010f40     orion-self-51627d.o
 0001:00010000       render_bundle              0000000140011000     orion-self-51627d.o
 0001:000100c0       render_one                 00000001400110c0     orion-self-51627d.o
 0001:00010140       fx_at                      0000000140011140     orion-self-51627d.o
 0001:00010150       draw_of                    0000000140011150     orion-self-51627d.o
 0001:00010170       emit_to_cmd                0000000140011170     orion-self-51627d.o
 0001:00010200       push_sprite                0000000140011200     orion-self-51627d.o
 0001:000102e0       push_draw                  00000001400112e0     orion-self-51627d.o
 0001:00010410       push_text                  0000000140011410     orion-self-51627d.o
 0001:00010530       vfield_int                 0000000140011530     orion-self-51627d.o
 0001:00010550       vfield_int_in              0000000140011550     orion-self-51627d.o
 0001:000105d0       vf_at                      00000001400115d0     orion-self-51627d.o
 0001:000105e0       vvalue_int                 00000001400115e0     orion-self-51627d.o
 0001:000105f0       vfield_text                00000001400115f0     orion-self-51627d.o
 0001:00010610       vfield_text_in             0000000140011610     orion-self-51627d.o
 0001:000106a0       vvalue_text                00000001400116a0     orion-self-51627d.o
 0001:000106c0       run                        00000001400116c0     orion-self-51627d.o
 0001:00010740       eval_fn                    0000000140011740     orion-self-51627d.o
 0001:000107d0       find_fn                    00000001400117d0     orion-self-51627d.o
 0001:00010870       bind_call_params           0000000140011870     orion-self-51627d.o
 0001:00010990       dispatch                   0000000140011990     orion-self-51627d.o
 0001:000109d0       dispatch_ctx               00000001400119d0     orion-self-51627d.o
 0001:00010a10       dispatch_ctx_c             0000000140011a10     orion-self-51627d.o
 0001:00010a40       dispatch_with              0000000140011a40     orion-self-51627d.o
 0001:00010c10       rule_id                    0000000140011c10     orion-self-51627d.o
 0001:00010cb0       merge_bindings             0000000140011cb0     orion-self-51627d.o
 0001:00010d50       tick                       0000000140011d50     orion-self-51627d.o
 0001:00010d80       tick_c                     0000000140011d80     orion-self-51627d.o
 0001:00010db0       tick_with                  0000000140011db0     orion-self-51627d.o
 0001:00010ff0       prev_truth_at              0000000140011ff0     orion-self-51627d.o
 0001:00011020       compile_parse_result       0000000140012020     orion-self-51627d.o
 0001:000110b0       compile                    00000001400120b0     orion-self-51627d.o
 0001:00011180       compiled_copy              0000000140012180     orion-self-51627d.o
 0001:00011200       copy_bindings              0000000140012200     orion-self-51627d.o
 0001:000112a0       binding_at                 00000001400122a0     orion-self-51627d.o
 0001:000112b0       compile_fresh              00000001400122b0     orion-self-51627d.o
 0001:000113b0       compiled_components        00000001400123b0     orion-self-51627d.o
 0001:000113d0       eval_consts                00000001400123d0     orion-self-51627d.o
 0001:000114c0       find_named_rule            00000001400124c0     orion-self-51627d.o
 0001:00011540       empty_sentinel             0000000140012540     orion-self-51627d.o
 0001:000115a0       astra_warm                 00000001400125a0     orion-self-51627d.o
 0001:000115c0       compile_c                  00000001400125c0     orion-self-51627d.o
 0001:00011630       astra_warm_c               0000000140012630     orion-self-51627d.o
 0001:00011670       store_tree                 0000000140012670     orion-self-51627d.o
 0001:00011710       compiled_components_c      0000000140012710     orion-self-51627d.o
 0001:00011730       astra_facts_c              0000000140012730     orion-self-51627d.o
 0001:000117f0       frule_at                   00000001400127f0     orion-self-51627d.o
 0001:00011800       ffn_at                     0000000140012800     orion-self-51627d.o
 0001:00011810       fn_names                   0000000140012810     orion-self-51627d.o
 0001:00011870       fn_facts_of                0000000140012870     orion-self-51627d.o
 0001:00011950       fn_facts_all               0000000140012950     orion-self-51627d.o
 0001:000119b0       facts_idx                  00000001400129b0     orion-self-51627d.o
 0001:00011a20       union_into                 0000000140012a20     orion-self-51627d.o
 0001:00011a70       merge_facts                0000000140012a70     orion-self-51627d.o
 0001:00011b10       close_once                 0000000140012b10     orion-self-51627d.o
 0001:00011be0       ffacts_at                  0000000140012be0     orion-self-51627d.o
 0001:00011bf0       close_facts                0000000140012bf0     orion-self-51627d.o
 0001:00011c30       merge_callees              0000000140012c30     orion-self-51627d.o
 0001:00011cc0       rule_facts                 0000000140012cc0     orion-self-51627d.o
 0001:00011da0       fparam_at                  0000000140012da0     orion-self-51627d.o
 0001:00011db0       f_has                      0000000140012db0     orion-self-51627d.o
 0001:00011e10       text_item                  0000000140012e10     orion-self-51627d.o
 0001:00011e20       f_add                      0000000140012e20     orion-self-51627d.o
 0001:00011eb0       f_read                     0000000140012eb0     orion-self-51627d.o
 0001:00011f40       f_callee                   0000000140012f40     orion-self-51627d.o
 0001:00011fa0       f_bind                     0000000140012fa0     orion-self-51627d.o
 0001:00012060       cq_facts                   0000000140013060     orion-self-51627d.o
 0001:000120a0       letin_facts                00000001400130a0     orion-self-51627d.o
 0001:000120e0       expr_facts                 00000001400130e0     orion-self-51627d.o
 0001:00012200       exprs_facts                0000000140013200     orion-self-51627d.o
 0001:00012250       expr_item                  0000000140013250     orion-self-51627d.o
 0001:00012260       fields_facts               0000000140013260     orion-self-51627d.o
 0001:000122b0       field_item                 00000001400132b0     orion-self-51627d.o
 0001:000122c0       arms_facts                 00000001400132c0     orion-self-51627d.o
 0001:00012320       arm_item                   0000000140013320     orion-self-51627d.o
 0001:00012330       stmts_facts                0000000140013330     orion-self-51627d.o
 0001:00012380       stmt_item                  0000000140013380     orion-self-51627d.o
 0001:00012390       f_emit                     0000000140013390     orion-self-51627d.o
 0001:000123f0       f_spawn                    00000001400133f0     orion-self-51627d.o
 0001:00012450       f_write                    0000000140013450     orion-self-51627d.o
 0001:000124b0       let_facts                  00000001400134b0     orion-self-51627d.o
 0001:000124e0       letd_facts                 00000001400134e0     orion-self-51627d.o
 0001:00012540       setvar_facts               0000000140013540     orion-self-51627d.o
 0001:00012570       foreach_facts              0000000140013570     orion-self-51627d.o
 0001:000125c0       stmt_facts                 00000001400135c0     orion-self-51627d.o
 0001:000126e0       astra_unknown_calls_c      00000001400136e0     orion-self-51627d.o
 0001:00012820       facts_at                   0000000140013820     orion-self-51627d.o
 0001:00012830       call_is_known              0000000140013830     orion-self-51627d.o
 0001:000128e0       fn_item                    00000001400138e0     orion-self-51627d.o
 0001:000128f0       astra_check_source         00000001400138f0     orion-self-51627d.o
 0001:00012910       astra_check_c              0000000140013910     orion-self-51627d.o
 0001:00012930       astra_check_text_c         0000000140013930     orion-self-51627d.o
 0001:00012a00       check_err_at               0000000140013a00     orion-self-51627d.o
 0001:00012a10       run_tests                  0000000140013a10     orion-self-51627d.o
 0001:00012a90       run_tests_text             0000000140013a90     orion-self-51627d.o
 0001:00012b60       rt_test_at                 0000000140013b60     orion-self-51627d.o
 0001:00012b70       rt_result_at               0000000140013b70     orion-self-51627d.o
 0001:00012b80       rt_step_at                 0000000140013b80     orion-self-51627d.o
 0001:00012b90       rt_run_one                 0000000140013b90     orion-self-51627d.o
 0001:00012c20       rt_fold                    0000000140013c20     orion-self-51627d.o
 0001:00012ca0       rt_step                    0000000140013ca0     orion-self-51627d.o
 0001:00012d40       rt_apply                   0000000140013d40     orion-self-51627d.o
 0001:00012e50       rt_tick                    0000000140013e50     orion-self-51627d.o
 0001:00012ee0       rt_expect                  0000000140013ee0     orion-self-51627d.o
 0001:00012fb0       rt_base_ctx                0000000140013fb0     orion-self-51627d.o
 0001:00013060       rt_expect_env              0000000140014060     orion-self-51627d.o
 0001:000130c0       rt_eval_args               00000001400140c0     orion-self-51627d.o
 0001:000131a0       rt_arg_at                  00000001400141a0     orion-self-51627d.o
 0001:000131b0       rt_append                  00000001400141b0     orion-self-51627d.o
 0001:00013250       rt_int_of                  0000000140014250     orion-self-51627d.o
 0001:00013280       atlas_world                0000000140014280     orion-self-51627d.o
 0001:00013340       world_identity             0000000140014340     orion-self-51627d.o
 0001:000133c0       state_pool_of              00000001400143c0     orion-self-51627d.o
 0001:00013430       state_alloc_on             0000000140014430     orion-self-51627d.o
 0001:00013450       state_alloc_off            0000000140014450     orion-self-51627d.o
 0001:00013460       world_state_advance        0000000140014460     orion-self-51627d.o
 0001:00013500       world_state_pool           0000000140014500     orion-self-51627d.o
 0001:00013520       world_alloc_on             0000000140014520     orion-self-51627d.o
 0001:00013550       world_alloc_off            0000000140014550     orion-self-51627d.o
 0001:00013560       world_set_tick             0000000140014560     orion-self-51627d.o
 0001:000135e0       next_world_id              00000001400145e0     orion-self-51627d.o
 0001:00013620       fresh_world_state          0000000140014620     orion-self-51627d.o
 0001:00013930       read_world                 0000000140014930     orion-self-51627d.o
 0001:00013940       write_world                0000000140014940     orion-self-51627d.o
 0001:00013970       world_tick_count           0000000140014970     orion-self-51627d.o
 0001:00013990       world_entity_count         0000000140014990     orion-self-51627d.o
 0001:000139c0       apply_effect               00000001400149c0     orion-self-51627d.o
 0001:00013a40       apply_effects              0000000140014a40     orion-self-51627d.o
 0001:00013af0       dispatch_effect            0000000140014af0     orion-self-51627d.o
 0001:00013bb0       do_spawn                   0000000140014bb0     orion-self-51627d.o
 0001:00013ca0       attach_components          0000000140014ca0     orion-self-51627d.o
 0001:00013d90       mark_added_all             0000000140014d90     orion-self-51627d.o
 0001:00013e90       do_despawn                 0000000140014e90     orion-self-51627d.o
 0001:00013f80       drop_entity_components     0000000140014f80     orion-self-51627d.o
 0001:00014000       drop_entity_relations      0000000140015000     orion-self-51627d.o
 0001:000140d0       key_matches_entity         00000001400150d0     orion-self-51627d.o
 0001:00014100       starts_with_prefix         0000000140015100     orion-self-51627d.o
 0001:00014140       compare_prefix             0000000140015140     orion-self-51627d.o
 0001:000141b0       filter_out_entity          00000001400151b0     orion-self-51627d.o
 0001:00014290       do_set_resource_int        0000000140015290     orion-self-51627d.o
 0001:000142f0       do_set_resource_text       00000001400152f0     orion-self-51627d.o
 0001:00014350       res_set_int                0000000140015350     orion-self-51627d.o
 0001:000143e0       res_set_int_silent         00000001400153e0     orion-self-51627d.o
 0001:00014490       channel_emit_silent        0000000140015490     orion-self-51627d.o
 0001:00014510       key_suffix_is              0000000140015510     orion-self-51627d.o
 0001:00014560       res_set_text               0000000140015560     orion-self-51627d.o
 0001:00014690       res_get                    0000000140015690     orion-self-51627d.o
 0001:000146c0       res_get_text               00000001400156c0     orion-self-51627d.o
 0001:000146f0       res_get_int                00000001400156f0     orion-self-51627d.o
 0001:00014740       res_has                    0000000140015740     orion-self-51627d.o
 0001:00014770       world_int_diff             0000000140015770     orion-self-51627d.o
 0001:00014870       rel_key                    0000000140015870     orion-self-51627d.o
 0001:000148a0       do_relate                  00000001400158a0     orion-self-51627d.o
 0001:00014a70       do_unrelate                0000000140015a70     orion-self-51627d.o
 0001:00014b80       related_to                 0000000140015b80     orion-self-51627d.o
 0001:00014bf0       related_from               0000000140015bf0     orion-self-51627d.o
 0001:00014c60       world_relations_fwd        0000000140015c60     orion-self-51627d.o
 0001:00014c80       do_to_channel              0000000140015c80     orion-self-51627d.o
 0001:00014d60       channel_messages           0000000140015d60     orion-self-51627d.o
 0001:00014db0       channel_take               0000000140015db0     orion-self-51627d.o
 0001:00014e70       channel_size               0000000140015e70     orion-self-51627d.o
 0001:00014e90       added_this_tick            0000000140015e90     orion-self-51627d.o
 0001:00014ee0       changed_since_last_tick    0000000140015ee0     orion-self-51627d.o
 0001:00014f30       removed_this_tick          0000000140015f30     orion-self-51627d.o
 0001:00014f80       entity_alive               0000000140015f80     orion-self-51627d.o
 0001:00014fc0       entity_get                 0000000140015fc0     orion-self-51627d.o
 0001:00015070       null_id                    0000000140016070     orion-self-51627d.o
 0001:00015080       entity_has                 0000000140016080     orion-self-51627d.o
 0001:00015110       entities_with              0000000140016110     orion-self-51627d.o
 0001:000151a0       filter_alive_entities      00000001400161a0     orion-self-51627d.o
 0001:00015280       append_to_current_frame    0000000140016280     orion-self-51627d.o
 0001:00015290       log_frames                 0000000140016290     orion-self-51627d.o
 0001:000152a0       log_alloc_on               00000001400162a0     orion-self-51627d.o
 0001:00015390       log_alloc_st               0000000140016390     orion-self-51627d.o
 0001:00015450       log_alloc_off              0000000140016450     orion-self-51627d.o
 0001:00015460       append_to_current_frame_state 0000000140016460     orion-self-51627d.o
 0001:00015510       frame_fx_of                0000000140016510     orion-self-51627d.o
 0001:00015520       flush_frame                0000000140016520     orion-self-51627d.o
 0001:00015650       channel_names              0000000140016650     orion-self-51627d.o
 0001:00015680       resource_names             0000000140016680     orion-self-51627d.o
 0001:000156b0       resource_count             00000001400166b0     orion-self-51627d.o
 0001:000156e0       world_log                  00000001400166e0     orion-self-51627d.o
 0001:00015760       resource_history           0000000140016760     orion-self-51627d.o
 0001:00015820       log_frame_at               0000000140016820     orion-self-51627d.o
 0001:00015830       res_change_of              0000000140016830     orion-self-51627d.o
 0001:00015890       world_timeline             0000000140016890     orion-self-51627d.o
 0001:00015940       change_of                  0000000140016940     orion-self-51627d.o
 0001:000159b0       resource_at_tick           00000001400169b0     orion-self-51627d.o
 0001:00015a10       first_tick_at_least        0000000140016a10     orion-self-51627d.o
 0001:00015a80       first_tick_equal           0000000140016a80     orion-self-51627d.o
 0001:00015af0       res_change_at              0000000140016af0     orion-self-51627d.o
 0001:00015b00       text_eq_bytes              0000000140016b00     orion-self-51627d.o
 0001:00015b90       fire_after_timers          0000000140016b90     orion-self-51627d.o
 0001:00015c90       find_after_marker          0000000140016c90     orion-self-51627d.o
 0001:00015d80       fire_one_timer             0000000140016d80     orion-self-51627d.o
 0001:00015e40       world_tick                 0000000140016e40     orion-self-51627d.o
 0001:00015eb0       snap_key                   0000000140016eb0     orion-self-51627d.o
 0001:00015ed0       snapshots_of               0000000140016ed0     orion-self-51627d.o
 0001:00015f20       snap_at                    0000000140016f20     orion-self-51627d.o
 0001:00015f30       maybe_snapshot             0000000140016f30     orion-self-51627d.o
 0001:00016030       take_snapshot              0000000140017030     orion-self-51627d.o
 0001:000161f0       snap_text_key              00000001400171f0     orion-self-51627d.o
 0001:00016200       snap_int_key               0000000140017200     orion-self-51627d.o
 0001:00016210       snap_copy_text_map         0000000140017210     orion-self-51627d.o
 0001:000162a0       snap_copy_int_map          00000001400172a0     orion-self-51627d.o
 0001:00016370       snap_copy_components       0000000140017370     orion-self-51627d.o
 0001:00016410       snap_copy_state            0000000140017410     orion-self-51627d.o
 0001:00016760       open_frame                 0000000140017760     orion-self-51627d.o
 0001:000167f0       clear_channels_and_reactives 00000001400177f0     orion-self-51627d.o
 0001:00016870       clear_if_used              0000000140017870     orion-self-51627d.o
 0001:000168d0       world_reset                00000001400178d0     orion-self-51627d.o
 0001:00016a00       world_rewind               0000000140017a00     orion-self-51627d.o
 0001:00016c60       best_snapshot              0000000140017c60     orion-self-51627d.o
 0001:00016d00       drop_future_snapshots      0000000140017d00     orion-self-51627d.o
 0001:00016db0       replay_frame               0000000140017db0     orion-self-51627d.o
 0001:00016e30       replay_effects             0000000140017e30     orion-self-51627d.o
 0001:00016eb0       tier_input                 0000000140017eb0     orion-self-51627d.o
 0001:00016ec0       tier_sim                   0000000140017ec0     orion-self-51627d.o
 0001:00016ed0       tier_react                 0000000140017ed0     orion-self-51627d.o
 0001:00016ee0       tier_cleanup               0000000140017ee0     orion-self-51627d.o
 0001:00016ef0       register_system            0000000140017ef0     orion-self-51627d.o
 0001:00017000       system_count               0000000140018000     orion-self-51627d.o
 0001:00017030       system_order               0000000140018030     orion-self-51627d.o
 0001:00017070       collect_system_names       0000000140018070     orion-self-51627d.o
 0001:00017140       system_order_idx           0000000140018140     orion-self-51627d.o
 0001:000172c0       list_set_int               00000001400182c0     orion-self-51627d.o
 0001:000173a0       run_systems                00000001400183a0     orion-self-51627d.o
 0001:000173f0       run_ordered_systems        00000001400183f0     orion-self-51627d.o
 0001:00017490       handler_index              0000000140018490     orion-self-51627d.o
 0001:00017510       handler_exists             0000000140018510     orion-self-51627d.o
 0001:00017550       register_handler           0000000140018550     orion-self-51627d.o
 0001:00017650       dispatch_custom            0000000140018650     orion-self-51627d.o
 0001:000176f0       invoke_handler             00000001400186f0     orion-self-51627d.o
 0001:00017760       world_snapshot             0000000140018760     orion-self-51627d.o
 0001:00017830       world_logseq               0000000140018830     orion-self-51627d.o
 0001:00017850       timeline_save              0000000140018850     orion-self-51627d.o
 0001:00017940       frame_toml                 0000000140018940     orion-self-51627d.o
 0001:00017a40       effect_toml                0000000140018a40     orion-self-51627d.o
 0001:00017ba0       spawn_toml                 0000000140018ba0     orion-self-51627d.o
 0001:00017cc0       timeline_load              0000000140018cc0     orion-self-51627d.o
 0001:00017d40       tl_frames                  0000000140018d40     orion-self-51627d.o
 0001:00017d50       tl_effects                 0000000140018d50     orion-self-51627d.o
 0001:00017d60       replay_saved_frames        0000000140018d60     orion-self-51627d.o
 0001:00017ec0       apply_saved_effect         0000000140018ec0     orion-self-51627d.o
 0001:00018210       reconstruct_comps          0000000140019210     orion-self-51627d.o
 0001:00018350       app_init                   0000000140019350     orion-self-51627d.o
 0001:000183c0       app_should_quit            00000001400193c0     orion-self-51627d.o
 0001:00018440       app_request_quit           0000000140019440     orion-self-51627d.o
 0001:00018460       app_pump                   0000000140019460     orion-self-51627d.o
 0001:00018470       app_frame_sleep            0000000140019470     orion-self-51627d.o
 0001:00018490       app_frame_sleep_since      0000000140019490     orion-self-51627d.o
 0001:000184c0       app_frame_sleep_budget     00000001400194c0     orion-self-51627d.o
 0001:000184f0       app_idle_alloc_check       00000001400194f0     orion-self-51627d.o
 0001:000185e0       app_shutdown               00000001400195e0     orion-self-51627d.o
 0001:000185f0       app_set_title              00000001400195f0     orion-self-51627d.o
 0001:00018600       default_font_path          0000000140019600     orion-self-51627d.o
 0001:00018610       render_backend             0000000140019610     orion-self-51627d.o
 0001:00018630       render_caps                0000000140019630     orion-self-51627d.o
 0001:00018640       render_resize              0000000140019640     orion-self-51627d.o
 0001:000186a0       render_reattach            00000001400196a0     orion-self-51627d.o
 0001:000186f0       build_renderer             00000001400196f0     orion-self-51627d.o
 0001:00018750       build_renderer_font        0000000140019750     orion-self-51627d.o
 0001:000187a0       color_rgb                  00000001400197a0     orion-self-51627d.o
 0001:00018b20       render_display             0000000140019b20     orion-self-51627d.o
 0001:00018b60       render_display_ghost       0000000140019b60     orion-self-51627d.o
 0001:00018bc0       draw_cmds                  0000000140019bc0     orion-self-51627d.o
 0001:00018c90       dim_channel                0000000140019c90     orion-self-51627d.o
 0001:00018cd0       draw_one_rect              0000000140019cd0     orion-self-51627d.o
 0001:00018de0       draw_one_text              0000000140019de0     orion-self-51627d.o
 0001:00018f20       draw_one_icon              0000000140019f20     orion-self-51627d.o
 0001:00019070       draw_one_sprite            000000014001a070     orion-self-51627d.o
 0001:00019240       draw_glyph_text            000000014001a240     orion-self-51627d.o
 0001:000194f0       draw_glyph                 000000014001a4f0     orion-self-51627d.o
 0001:00019690       store_new                  000000014001a690     orion-self-51627d.o
 0001:000196c0       font_asset_path            000000014001a6c0     orion-self-51627d.o
 0001:000196d0       find_key                   000000014001a6d0     orion-self-51627d.o
 0001:00019750       store_add_font             000000014001a750     orion-self-51627d.o
 0001:00019860       store_has_font             000000014001a860     orion-self-51627d.o
 0001:00019880       store_font                 000000014001a880     orion-self-51627d.o
 0001:000198c0       store_add_blob             000000014001a8c0     orion-self-51627d.o
 0001:000199d0       store_has_blob             000000014001a9d0     orion-self-51627d.o
 0001:000199f0       store_blob                 000000014001a9f0     orion-self-51627d.o
 0001:00019a30       astra_dispatch             000000014001aa30     orion-self-51627d.o
 0001:00019a60       astra_event                000000014001aa60     orion-self-51627d.o
 0001:00019ab0       astra_event_ctx            000000014001aab0     orion-self-51627d.o
 0001:00019bc0       astra_query_ctx            000000014001abc0     orion-self-51627d.o
 0001:00019cb0       astra_query_ecs            000000014001acb0     orion-self-51627d.o
 0001:00019ce0       astra_query_ecs_c          000000014001ace0     orion-self-51627d.o
 0001:00019e30       apply_outcome              000000014001ae30     orion-self-51627d.o
 0001:00019e80       astra_fire                 000000014001ae80     orion-self-51627d.o
 0001:00019eb0       astra_list                 000000014001aeb0     orion-self-51627d.o
 0001:00019ee0       astra_eval                 000000014001aee0     orion-self-51627d.o
 0001:00019ef0       astra_int                  000000014001aef0     orion-self-51627d.o
 0001:00019f20       astra_text                 000000014001af20     orion-self-51627d.o
 0001:00019f30       astra_bool                 000000014001af30     orion-self-51627d.o
 0001:00019f60       astra_field_int            000000014001af60     orion-self-51627d.o
 0001:00019f80       field_int_at               000000014001af80     orion-self-51627d.o
 0001:0001a000       astra_field_text           000000014001b000     orion-self-51627d.o
 0001:0001a020       field_text_at              000000014001b020     orion-self-51627d.o
 0001:0001a0a0       astra_tick                 000000014001b0a0     orion-self-51627d.o
 0001:0001a130       build_bindings_with_tick   000000014001b130     orion-self-51627d.o
 0001:0001a320       world_rel_binding          000000014001b320     orion-self-51627d.o
 0001:0001a350       rel_binding                000000014001b350     orion-self-51627d.o
 0001:0001a380       rel_index_value            000000014001b380     orion-self-51627d.o
 0001:0001a4c0       rel_key_at                 000000014001b4c0     orion-self-51627d.o
 0001:0001a4d0       int_list_value             000000014001b4d0     orion-self-51627d.o
 0001:0001a5d0       pack_bits                  000000014001b5d0     orion-self-51627d.o
 0001:0001a650       unpack_bits                000000014001b650     orion-self-51627d.o
 0001:0001a720       apply_astra_effect         000000014001b720     orion-self-51627d.o
 0001:0001a760       to_atlas_effect            000000014001b760     orion-self-51627d.o
 0001:0001a970       emit_payload               000000014001b970     orion-self-51627d.o
 0001:0001a980       payload_of                 000000014001b980     orion-self-51627d.o
 0001:0001ab50       build_payload_map          000000014001bb50     orion-self-51627d.o
 0001:0001abb0       put_field                  000000014001bbb0     orion-self-51627d.o
 0001:0001ac10       set_resource               000000014001bc10     orion-self-51627d.o
 0001:0001ac70       pack_decl_fields           000000014001bc70     orion-self-51627d.o
 0001:0001adc0       comp_text_field            000000014001bdc0     orion-self-51627d.o
 0001:0001add0       entity_comp_map            000000014001bdd0     orion-self-51627d.o
 0001:0001ade0       entity_pack_with_decl      000000014001bde0     orion-self-51627d.o
 0001:0001ae90       entities_pack_decl         000000014001be90     orion-self-51627d.o
 0001:0001aee0       pack_entities_loop         000000014001bee0     orion-self-51627d.o
 0001:0001afe0       entity_pack                000000014001bfe0     orion-self-51627d.o
 0001:0001b0a0       pack_keys_as_int           000000014001c0a0     orion-self-51627d.o
 0001:0001b1c0       entities_pack              000000014001c1c0     orion-self-51627d.o
 0001:0001b260       astra_check                000000014001c260     orion-self-51627d.o
 0001:0001b310       build_ecs_bindings         000000014001c310     orion-self-51627d.o
 0001:0001b340       build_ecs_bindings_c       000000014001c340     orion-self-51627d.o
 0001:0001b370       pack_components            000000014001c370     orion-self-51627d.o
 0001:0001b480       astra_tick_ecs             000000014001c480     orion-self-51627d.o
 0001:0001b4b0       astra_tick_ecs_c           000000014001c4b0     orion-self-51627d.o
 0001:0001b640       astra_event_ecs            000000014001c640     orion-self-51627d.o
 0001:0001b670       astra_event_ecs_c          000000014001c670     orion-self-51627d.o
 0001:0001b7f0       apply_outcome_with_lifecycle 000000014001c7f0     orion-self-51627d.o
 0001:0001b830       dispatch_lifecycle_for_effects 000000014001c830     orion-self-51627d.o
 0001:0001b8b0       dispatch_lifecycle         000000014001c8b0     orion-self-51627d.o
 0001:0001b910       dispatch_lifecycle_eid     000000014001c910     orion-self-51627d.o
 0001:0001b920       build_bindings_with_tick_and_extra 000000014001c920     orion-self-51627d.o
 0001:0001bba0       dispatch_world_spawned     000000014001cba0     orion-self-51627d.o
 0001:0001bc10       astra_has_trigger          000000014001cc10     orion-self-51627d.o
 0001:0001bc80       rule_at_idx                000000014001cc80     orion-self-51627d.o
 0001:0001bc90       sound_key                  000000014001cc90     orion-self-51627d.o
 0001:0001bca0       audio_sound_id             000000014001cca0     orion-self-51627d.o
 0001:0001bd00       slot_text                  000000014001cd00     orion-self-51627d.o
 0001:0001bd10       slot_int_or                000000014001cd10     orion-self-51627d.o
 0001:0001bd60       audio_load_dir             000000014001cd60     orion-self-51627d.o
 0001:0001c040       audio_lines                000000014001d040     orion-self-51627d.o
 0001:0001c050       audio_csv                  000000014001d050     orion-self-51627d.o
 0001:0001c060       audio_split                000000014001d060     orion-self-51627d.o
 0001:0001c140       embedded_wavs              000000014001d140     orion-self-51627d.o
 0001:0001c2a0       wav_stem                   000000014001d2a0     orion-self-51627d.o
 0001:0001c310       audio_file_at              000000014001d310     orion-self-51627d.o
 0001:0001c320       audio_frame                000000014001d320     orion-self-51627d.o
 0001:0001c390       warn_unknown_sound         000000014001d390     orion-self-51627d.o
 0001:0001c430       drain_sounds               000000014001d430     orion-self-51627d.o
[...]
 0005:00001620       __guard_xfg??$common_set_variable_in_environment_nolock@_W@@YAHQEA_WH@Z 000000014020f620     libucrt:setenv.obj
 0005:00001630       __guard_xfg??$copy_environment@D@@YAPEAPEADQEAPEAD@Z 000000014020f630     libucrt:setenv.obj
 0005:00001640       __guard_xfg??$copy_environment@_W@@YAPEAPEA_WQEAPEA_W@Z 000000014020f640     libucrt:setenv.obj
 0005:00001650       __guard_xfg__dcrt_lowio_ensure_console_input_initialized 000000014020f650     libucrt:initconin.obj
 0005:00001660       __guard_xfg__dcrt_read_console_input 000000014020f660     libucrt:initconin.obj
 0005:00001670       __guard_xfg__dcrt_get_number_of_console_input_events 000000014020f670     libucrt:initconin.obj
 0005:00001680       __guard_xfg__dcrt_peek_console_input_a 000000014020f680     libucrt:initconin.obj
 0005:00001690       __guard_xfg__dcrt_get_input_console_mode 000000014020f690     libucrt:initconin.obj
 0005:000016a0       __guard_xfg__dcrt_set_input_console_mode 000000014020f6a0     libucrt:initconin.obj
 0005:000016b0       __guard_xfg?__dcrt_lowio_initialize_console_input@@YAXXZ 000000014020f6b0     libucrt:initconin.obj
 0005:000016c0       __guard_xfg__dcrt_terminate_console_input 000000014020f6c0     libucrt:initconin.obj
 0005:000016d0       __guard_xfg_get_osfhandle  000000014020f6d0     libucrt:osfinfo.obj
 0005:000016e0       __guard_xfg_alloc_osfhnd   000000014020f6e0     libucrt:osfinfo.obj
 0005:000016f0       __guard_xfg_free_osfhnd    000000014020f6f0     libucrt:osfinfo.obj
 0005:00001700       __guard_xfg__acrt_lowio_set_os_handle 000000014020f700     libucrt:osfinfo.obj
 0005:00001710       __guard_xfg__acrt_lowio_create_handle_array 000000014020f710     libucrt:osfinfo.obj
 0005:00001720       __guard_xfg__acrt_lowio_destroy_handle_array 000000014020f720     libucrt:osfinfo.obj
 0005:00001730       __guard_xfg__acrt_lowio_ensure_fh_exists 000000014020f730     libucrt:osfinfo.obj
 0005:00001740       __guard_xfg__acrt_lowio_lock_fh 000000014020f740     libucrt:osfinfo.obj
 0005:00001750       __guard_xfg__acrt_lowio_unlock_fh 000000014020f750     libucrt:osfinfo.obj
 0005:00001760       __guard_xfg__acrt_initialize_fmode 000000014020f760     libucrt:txtmode.obj
 0005:00001770       __guard_xfg_getdrive       000000014020f770     libucrt:drive.obj
 0005:00001780       __guard_xfg_wfullpath      000000014020f780     libucrt:fullpath.obj
 0005:00001790       __guard_xfg?detach@?$__crt_win32_buffer@_WU__crt_win32_buffer_public_dynamic_resizing@@@@QEAAPEA_WXZ 000000014020f790     libucrt:fullpath.obj
 0005:000017a0       __guard_xfg??$call_win32_function@V<lambda_17b8e77e04f0039ff1429d79b8271fa1>@@@?$__crt_win32_buffer@_WU__crt_win32_buffer_no_resizing@@@@QEAAHAEBV<lambda_17b8e77e04f0039ff1429d79b8271fa1>@@@Z 000000014020f7a0     libucrt:fullpath.obj
 0005:000017b0       __guard_xfg??$call_win32_function@V<lambda_1a60cddbd8640ed4c95e91b82cd9827b>@@@?$__crt_win32_buffer@_WU__crt_win32_buffer_public_dynamic_resizing@@@@QEAAHAEBV<lambda_1a60cddbd8640ed4c95e91b82cd9827b>@@@Z 000000014020f7b0     libucrt:fullpath.obj
 0005:000017c0       __guard_xfg_wcsicmp        000000014020f7c0     libucrt:wcsicmp.obj
 0005:000017d0       __guard_xfg_wcsicmp_l      000000014020f7d0     libucrt:wcsicmp.obj
 0005:000017e0       __guard_xfg__ascii_wcsicmp 000000014020f7e0     libucrt:wcsicmp.obj
 0005:000017f0       __guard_xfg__loctotime64_t 000000014020f7f0     libucrt:loctotime.obj
 0005:00001800       __guard_xfg??$__crt_time_is_leap_year@H@@YA_NH@Z 000000014020f800     libucrt:loctotime.obj
 0005:00001810       __guard_xfg??$common_loctotime_t@_J@@YA_JHHHHHHH@Z 000000014020f810     libucrt:loctotime.obj
 0005:00001820       __guard_xfg_close_nolock   000000014020f820     libucrt:close.obj
 0005:00001830       __guard_xfg_close_nolock_internal 000000014020f830     libucrt:close.obj
 0005:00001840       __guard_xfg_close_internal 000000014020f840     libucrt:close.obj
 0005:00001850       __guard_xfg??$?RV<lambda_ad8af0d99a0adf03d037d7dffe354bb5>@@AEAV<lambda_c9ba49e555ba839a7b07aa3fbecb7617>@@V<lambda_2f1ebd5d68526518146ae959c9e734c8>@@@?$__crt_seh_guarded_call@H@@QEAAH$$QEAV<lambda_ad8af0d99a0adf03d037d7dffe354bb5>@@AEAV<lambda_c9ba49e555ba839a7b07aa3fbecb7617>@@$$QEAV<lambda_2f1ebd5d68526518146ae959c9e734c8>@@@Z 000000014020f850     libucrt:close.obj
 0005:00001860       __guard_xfg?__acrt_stdio_allocate_stream@@YA?AV__crt_stdio_stream@@XZ 000000014020f860     libucrt:stream.obj
 0005:00001870       __guard_xfg?__acrt_stdio_free_stream@@YAXV__crt_stdio_stream@@@Z 000000014020f870     libucrt:stream.obj
 0005:00001880       __guard_xfg?find_or_allocate_unused_stream_nolock@@YA?AV__crt_stdio_stream@@XZ 000000014020f880     libucrt:stream.obj
 0005:00001890       __guard_xfg_commit         000000014020f890     libucrt:commit.obj
 0005:000018a0       __guard_xfg??$?RV<lambda_a37b2b86f63e897a80ea819b0eb08c01>@@AEAV<lambda_38ce7e780aa69e748d6df282ebc68efe>@@V<lambda_99fb1378e971ab6e7edea83e3a7a83a2>@@@?$__crt_seh_guarded_call@H@@QEAAH$$QEAV<lambda_a37b2b86f63e897a80ea819b0eb08c01>@@AEAV<lambda_38ce7e780aa69e748d6df282ebc68efe>@@$$QEAV<lambda_99fb1378e971ab6e7edea83e3a7a83a2>@@@Z 000000014020f8a0     libucrt:commit.obj
 0005:000018b0       __guard_xfg_write          000000014020f8b0     libucrt:write.obj
 0005:000018c0       __guard_xfg_write_nolock   000000014020f8c0     libucrt:write.obj
 0005:000018d0       __guard_xfg_write_internal 000000014020f8d0     libucrt:write.obj
 0005:000018e0       __guard_xfg?write_double_translated_ansi_nolock@@YA?AUwrite_result@?A0x17268360@@HQEBDIAEAV__crt_cached_ptd_host@@@Z 000000014020f8e0     libucrt:write.obj
 0005:000018f0       __guard_xfg?write_text_ansi_nolock@@YA?AUwrite_result@?A0x17268360@@HQEBDI@Z 000000014020f8f0     libucrt:write.obj
 0005:00001900       __guard_xfg?write_text_utf16le_nolock@@YA?AUwrite_result@?A0x17268360@@HQEBDI@Z 000000014020f900     libucrt:write.obj
 0005:00001910       __guard_xfg?write_text_utf8_nolock@@YA?AUwrite_result@?A0x17268360@@HQEBDI@Z 000000014020f910     libucrt:write.obj
 0005:00001920       __guard_xfg_openfile       000000014020f920     libucrt:openfile.obj
 0005:00001930       __guard_xfg??$__acrt_stdio_parse_mode@D@@YA?AU__acrt_stdio_stream_mode@@QEBD@Z 000000014020f930     libucrt:openfile.obj
 0005:00001940       __guard_xfg__acrt_stdio_flush_and_write_narrow_nolock 000000014020f940     libucrt:_flsbuf.obj
 0005:00001950       __guard_xfg?stream_is_at_end_of_file_nolock@@YA_NV__crt_stdio_stream@@@Z 000000014020f950     libucrt:_flsbuf.obj
 0005:00001960       __guard_xfg??$write_buffer_nolock@D@@YA_NDV__crt_stdio_stream@@AEAV__crt_cached_ptd_host@@@Z 000000014020f960     libucrt:_flsbuf.obj
 0005:00001970       __guard_xfg_read           000000014020f970     libucrt:read.obj
 0005:00001980       __guard_xfg_read_nolock    000000014020f980     libucrt:read.obj
 0005:00001990       __guard_xfg?translate_ansi_or_utf8_nolock@@YAHHQEAD_KQEA_W1@Z 000000014020f990     libucrt:read.obj
 0005:000019a0       __guard_xfg??$translate_text_mode_nolock@_W@@YAHHQEA_W_K@Z 000000014020f9a0     libucrt:read.obj
 0005:000019b0       __guard_xfg__acrt_stdio_refill_and_read_narrow_nolock 000000014020f9b0     libucrt:_filbuf.obj
 0005:000019c0       __guard_xfg_lseeki64       000000014020f9c0     libucrt:lseek.obj
 0005:000019d0       __guard_xfg_lseeki64_nolock 000000014020f9d0     libucrt:lseek.obj
 0005:000019e0       __guard_xfg_lseeki64_nolock_internal 000000014020f9e0     libucrt:lseek.obj
 0005:000019f0       __guard_xfg_lseeki64_internal 000000014020f9f0     libucrt:lseek.obj
 0005:00001a00       __guard_xfg??$common_lseek@_J@@YA_JH_JHAEAV__crt_cached_ptd_host@@@Z 000000014020fa00     libucrt:lseek.obj
 0005:00001a10       __guard_xfg??$common_lseek_nolock@_J@@YA_JH_JHAEAV__crt_cached_ptd_host@@@Z 000000014020fa10     libucrt:lseek.obj
 0005:00001a20       __guard_xfg_realloc_base   000000014020fa20     libucrt:realloc_base.obj
 0005:00001a30       __guard_xfgiswctype        000000014020fa30     libucrt:iswctype.obj
 0005:00001a40       __guard_xfg_isctype_l      000000014020fa40     libucrt:isctype.obj
 0005:00001a50       __guard_xfgfegetround      000000014020fa50     libucrt:fegetround.obj
 0005:00001a60       __guard_xfgcalloc          000000014020fa60     libucrt:calloc.obj
 0005:00001a70       __guard_xfg__acrt_DownlevelLocaleNameToLCID 000000014020fa70     libucrt:lcidtoname_downlevel.obj
 0005:00001a80       __guard_xfg__acrt_LCMapStringA 000000014020fa80     libucrt:lcmapstringa.obj
 0005:00001a90       __guard_xfg?__acrt_LCMapStringA_stat@@YAHPEAU__crt_locale_pointers@@PEB_WKPEBDHPEADHHH@Z 000000014020fa90     libucrt:lcmapstringa.obj
 0005:00001aa0       __guard_xfg?initialize_multibyte@@YAHXZ 000000014020faa0     libucrt:multibyte_initializer.obj
 0005:00001ab0       __guard_xfg__acrt_fp_strflt_to_string 000000014020fab0     libucrt:_fptostr.obj
 0005:00001ac0       __guard_xfg?should_round_up@@YA_NQEBD0HW4__acrt_has_trailing_digits@@W4__acrt_rounding_mode@@@Z 000000014020fac0     libucrt:_fptostr.obj
 0005:00001ad0       __guard_xfgmemcpy_s        000000014020fad0     libucrt:cfout.obj
 0005:00001ae0       __guard_xfg__acrt_fltout   000000014020fae0     libucrt:cfout.obj
 0005:00001af0       __guard_xfg?__c32rtomb_utf8@__crt_mbstring@@YA_KPEAD_UPEAU_Mbstatet@@AEAV__crt_cached_ptd_host@@@Z 000000014020faf0     libucrt:c32rtomb.obj
 0005:00001b00       __guard_xfg?__mbrtowc_utf8@__crt_mbstring@@YA_KPEA_WPEBD_KPEAU_Mbstatet@@AEAV__crt_cached_ptd_host@@@Z 000000014020fb00     libucrt:mbrtowc.obj
 0005:00001b10       __guard_xfg?__mbsrtowcs_utf8@__crt_mbstring@@YA_KPEA_WPEAPEBD_KPEAU_Mbstatet@@AEAV__crt_cached_ptd_host@@@Z 000000014020fb10     libucrt:mbrtowc.obj
 0005:00001b20       __guard_xfg__ascii_wcsnicmp 000000014020fb20     libucrt:wcsnicmp.obj
 0005:00001b30       __guard_xfgqsort           000000014020fb30     libucrt:qsort.obj
 0005:00001b40       __guard_xfgstrncpy_s       000000014020fb40     libucrt:strncpy_s.obj
 0005:00001b50       __guard_xfgstrpbrk         000000014020fb50     libucrt:strpbrk.obj
 0005:00001b60       __guard_xfgfallbackMethod  000000014020fb60     libucrt:strpbrk.obj
 0005:00001b70       __guard_xfg_mbsdec         000000014020fb70     libucrt:mbsdec.obj
 0005:00001b80       __guard_xfg_mbsdec_l       000000014020fb80     libucrt:mbsdec.obj
 0005:00001b90       __guard_xfg_msize_base     000000014020fb90     libucrt:msize.obj
 0005:00001ba0       __guard_xfg_wcsnicoll      000000014020fba0     libucrt:wcsnicol.obj
 0005:00001bb0       __guard_xfg_wcsnicoll_l    000000014020fbb0     libucrt:wcsnicol.obj
 0005:00001bc0       __guard_xfg_strnicoll      000000014020fbc0     libucrt:strnicol.obj
 0005:00001bd0       __guard_xfg_strnicoll_l    000000014020fbd0     libucrt:strnicol.obj
 0005:00001be0       __guard_xfg__acrt_SetEnvironmentVariableA 000000014020fbe0     libucrt:setenvironmentvariablea.obj
 0005:00001bf0       __guard_xfg_putwch_nolock  000000014020fbf0     libucrt:putwch.obj
 0005:00001c00       __guard_xfg_wgetcwd        000000014020fc00     libucrt:getcwd.obj
 0005:00001c10       __guard_xfg?is_valid_drive@@YAHI@Z 000000014020fc10     libucrt:getcwd.obj
 0005:00001c20       __guard_xfg??$common_getdcwd@_W@@YAPEA_WHPEA_WHHQEBDH@Z 000000014020fc20     libucrt:getcwd.obj
 0005:00001c30       __guard_xfg_towlower_l     000000014020fc30     libucrt:towlower.obj
 0005:00001c40       __guard_xfg__daylight      000000014020fc40     libucrt:timeset.obj
 0005:00001c50       __guard_xfg__dstbias       000000014020fc50     libucrt:timeset.obj
 0005:00001c60       __guard_xfg__timezone      000000014020fc60     libucrt:timeset.obj
 0005:00001c70       __guard_xfg__tzname        000000014020fc70     libucrt:timeset.obj
 0005:00001c80       __guard_xfg_get_daylight   000000014020fc80     libucrt:timeset.obj
 0005:00001c90       __guard_xfg_get_dstbias    000000014020fc90     libucrt:timeset.obj
 0005:00001ca0       __guard_xfg_get_timezone   000000014020fca0     libucrt:timeset.obj
 0005:00001cb0       __guard_xfg__wide_tzname   000000014020fcb0     libucrt:timeset.obj
 0005:00001cc0       __guard_xfg__acrt_initialize_timeset 000000014020fcc0     libucrt:timeset.obj
 0005:00001cd0       __guard_xfg_isindst        000000014020fcd0     libucrt:tzset.obj
 0005:00001ce0       __guard_xfg__tzset         000000014020fce0     libucrt:tzset.obj
 0005:00001cf0       __guard_xfg?tzset_os_copy_to_tzname@@YAXQEB_WQEA_WQEADI@Z 000000014020fcf0     libucrt:tzset.obj
 0005:00001d00       __guard_xfg?tzset_from_system_nolock@@YAXXZ 000000014020fd00     libucrt:tzset.obj
 0005:00001d10       __guard_xfg?tzset_env_copy_to_tzname@@YAXQEB_WQEA_WQEAD_K@Z 000000014020fd10     libucrt:tzset.obj
 0005:00001d20       __guard_xfg?tzset_from_environment_nolock@@YAXPEA_W@Z 000000014020fd20     libucrt:tzset.obj
 0005:00001d30       __guard_xfg?tzset_nolock@@YAXXZ 000000014020fd30     libucrt:tzset.obj
 0005:00001d40       __guard_xfg?cvtdate@@YAXW4transition_type@?A0x7639d0b4@@W4date_type@2@HHHHHHHHH@Z 000000014020fd40     libucrt:tzset.obj
 0005:00001d50       __guard_xfg?_isindst_nolock@@YAHQEAUtm@@@Z 000000014020fd50     libucrt:tzset.obj
 0005:00001d60       __guard_xfg_strnicmp       000000014020fd60     libucrt:strnicmp.obj
 0005:00001d70       __guard_xfg_strnicmp_l     000000014020fd70     libucrt:strnicmp.obj
 0005:00001d80       __guard_xfg__ascii_strnicmp 000000014020fd80     libucrt:strnicmp.obj
 0005:00001d90       __guard_xfg_sopen_s        000000014020fd90     libucrt:open.obj
 0005:00001da0       __guard_xfg_sopen_nolock   000000014020fda0     libucrt:open.obj
 0005:00001db0       __guard_xfg_wsopen_nolock  000000014020fdb0     libucrt:open.obj
 0005:00001dc0       __guard_xfg??$common_sopen_dispatch@D@@YAHQEBDHHHQEAHH@Z 000000014020fdc0     libucrt:open.obj
 0005:00001dd0       __guard_xfg?decode_options@@YA?AUfile_options@?A0xa9d50aae@@HHH@Z 000000014020fdd0     libucrt:open.obj
 0005:00001de0       __guard_xfg?truncate_ctrl_z_if_present@@YAHH@Z 000000014020fde0     libucrt:open.obj
 0005:00001df0       __guard_xfg?configure_text_mode@@YAHHUfile_options@?A0xa9d50aae@@HAEAW4__crt_lowio_text_mode@@@Z 000000014020fdf0     libucrt:open.obj
 0005:00001e00       __guard_xfg__acrt_stdio_allocate_buffer_nolock 000000014020fe00     libucrt:_getbuf.obj
 0005:00001e10       __guard_xfg__acrt_GetStringTypeW 000000014020fe10     libucrt:getstringtypew.obj
 0005:00001e20       __guard_xfg__acrt_fenv_get_status 000000014020fe20     libucrt:_fenvutils.obj
 0005:00001e30       __guard_xfg__acrt_fenv_set_status 000000014020fe30     libucrt:_fenvutils.obj
 0005:00001e40       __guard_xfg__acrt_fenv_get_control 000000014020fe40     libucrt:_fenvutils.obj
 0005:00001e50       __guard_xfg__acrt_fenv_set_control 000000014020fe50     libucrt:_fenvutils.obj
 0005:00001e60       __guard_xfg__acrt_fenv_get_common_round_control 000000014020fe60     libucrt:_fenvutils.obj
 0005:00001e70       __guard_xfg__strncnt       000000014020fe70     libucrt:strncnt.obj
 0005:00001e80       __guard_xfg_controlfp_s    000000014020fe80     libucrt:contrlfp.obj
 0005:00001e90       __guard_xfgfegetenv        000000014020fe90     libucrt:fegetenv.obj
 0005:00001ea0       __guard_xfgfesetenv        000000014020fea0     libucrt:fesetenv.obj
 0005:00001eb0       __guard_xfgfeholdexcept    000000014020feb0     libucrt:feholdexcept.obj
 0005:00001ec0       __guard_xfgceil            000000014020fec0     libucrt:ceil.obj
 0005:00001ed0       __guard_xfg?return_illegal_sequence@__crt_mbstring@@YA_KPEAU_Mbstatet@@AEAV__crt_cached_ptd_host@@@Z 000000014020fed0     libucrt:common_utf8.obj
 0005:00001ee0       __guard_xfg?reset_and_return@__crt_mbstring@@YA_K_KPEAU_Mbstatet@@@Z 000000014020fee0     libucrt:common_utf8.obj
 0005:00001ef0       __guard_xfg?__mbrtoc32_utf8@__crt_mbstring@@YA_KPEA_UPEBD_KPEAU_Mbstatet@@AEAV__crt_cached_ptd_host@@@Z 000000014020fef0     libucrt:mbrtoc32.obj
 0005:00001f00       __guard_xfg__acrt_CompareStringW 000000014020ff00     libucrt:comparestringw.obj
 0005:00001f10       __guard_xfg__acrt_CompareStringA 000000014020ff10     libucrt:comparestringa.obj
 0005:00001f20       __guard_xfg?InternalCompareStringA@@YAHPEAU__crt_locale_pointers@@PEB_WKPEBDH2HH@Z 000000014020ff20     libucrt:comparestringa.obj
 0005:00001f30       __guard_xfg__dcrt_lowio_ensure_console_output_initialized 000000014020ff30     libucrt:initcon.obj
 0005:00001f40       __guard_xfg__dcrt_write_console 000000014020ff40     libucrt:initcon.obj
 0005:00001f50       __guard_xfg__dcrt_terminate_console_output 000000014020ff50     libucrt:initcon.obj
 0005:00001f60       __guard_xfg__acrt_LCMapStringW 000000014020ff60     libucrt:lcmapstringw.obj
 0005:00001f70       __guard_xfg_wgetenv_s      000000014020ff70     libucrt:getenv.obj
 0005:00001f80       __guard_xfg??$common_getenv_s@_W@@YAHQEA_KQEA_W_KQEB_W@Z 000000014020ff80     libucrt:getenv.obj
 0005:00001f90       __guard_xfg??$common_getenv_nolock@_W@@YAPEA_WQEB_W@Z 000000014020ff90     libucrt:getenv.obj
 0005:00001fa0       __guard_xfg_chsize_nolock  000000014020ffa0     libucrt:chsize.obj
 0005:00001fb0       __guard_xfg_chsize_nolock_internal 000000014020ffb0     libucrt:chsize.obj
 0005:00001fc0       __guard_xfg_clearfp        000000014020ffc0     libucrt:ieee.obj
 0005:00001fd0       __guard_xfg_control87      000000014020ffd0     libucrt:ieee.obj
 0005:00001fe0       __guard_xfgcommon_control87 000000014020ffe0     libucrt:ieee.obj
 0005:00001ff0       __guard_xfg_call_matherr   000000014020fff0     libucrt:libm_error.obj
 0005:00002000       __guard_xfg_exception_enabled 0000000140210000     libucrt:libm_error.obj
 0005:00002010       __guard_xfg_handle_nan     0000000140210010     libucrt:libm_error.obj
 0005:00002020       __guard_xfg_handle_error   0000000140210020     libucrt:libm_error.obj
 0005:00002030       __guard_xfg__acrt_initialize_fma3 0000000140210030     libucrt:fma3_available.obj
 0005:00002040       __guard_xfg_log_special_common 0000000140210040     libucrt:log_special.obj
 0005:00002050       __guard_xfg_log10_special  0000000140210050     libucrt:log_special.obj
 0005:00002060       __guard_xfg_set_errno_from_matherr 0000000140210060     libucrt:fpexcept.obj
 0005:00002070       __guard_xfg_raise_exc      0000000140210070     libucrt:fpexcept.obj
 0005:00002080       __guard_xfg_raise_exc_ex   0000000140210080     libucrt:fpexcept.obj
 0005:00002090       __guard_xfg_clrfp          0000000140210090     libucrt:fpctrl.obj
 0005:000020a0       __guard_xfg_ctrlfp         00000001402100a0     libucrt:fpctrl.obj
 0005:000020b0       __guard_xfg_statfp         00000001402100b0     libucrt:fpctrl.obj
 0005:000020c0       __guard_xfg_set_statfp     00000001402100c0     libucrt:fpctrl.obj
 0006:00000000       MoveSmall                  0000000140211000     libvcruntime:memcpy_avx_ermsb_aligned.obj
 0006:00000040       MoveSmallYmm               0000000140211040     libvcruntime:memcpy_avx_ermsb_aligned.obj
 0006:00000064       MoveSmallYmmNT             0000000140211064     libvcruntime:memcpy_avx_ermsb_aligned.obj
 0006:00000090       MoveSmall                  0000000140211090     libvcruntime:memcpy_avx_ermsb_aligned_amd.obj
 0006:000000d0       MoveSmallYmm               00000001402110d0     libvcruntime:memcpy_avx_ermsb_aligned_amd.obj
 0006:000000f4       MoveSmallYmmNT             00000001402110f4     libvcruntime:memcpy_avx_ermsb_aligned_amd.obj
 0006:00000120       MoveSmall                  0000000140211120     libvcruntime:memcpy_sse2_ermsb_aligned.obj
 0006:00000160       MoveSmallXmm               0000000140211160     libvcruntime:memcpy_sse2_ermsb_aligned.obj
 0006:00000190       MoveSmall                  0000000140211190     libvcruntime:memcpy_sse2_ermsb_aligned_amd.obj
 0006:000001d0       MoveSmallXmm               00000001402111d0     libvcruntime:memcpy_sse2_ermsb_aligned_amd.obj
